
> task-manager@0.1.0 build
> next build

  Ôû▓ Next.js 14.2.33
  - Environments: .env.local, .env

   Creating an optimized production build ...
 Ô£ô Compiled successfully
   Skipping linting
   Checking validity of types ...
   Collecting page data ...
   Generating static pages (0/80) ...
node.exe : Erreur diagnostic: n [Error]: Dynamic server usage: Route 
/api/debug/my-data couldn't be rendered statically because it used `headers`. See 
more info here: https://nextjs.org/docs/messages/dynamic-server-error
Au caractère C:\Program Files\nodejs\npm.ps1:29 : 3
+   & $NODE_EXE $NPM_CLI_JS $args
+   ~~~~~~~~~~~~~~~~~~~~~~~~~~~~~
    + CategoryInfo          : NotSpecified: (Erreur diagnost...ic-server-error:String 
   ) [], RemoteException
    + FullyQualifiedErrorId : NativeCommandError
 
    at l (C:\Users\DELL G15\Desktop\ReactProjet\task-log - 
Copie\task-manager\.next\server\chunks\8948.js:1:37220)
    at d (C:\Users\DELL G15\Desktop\ReactProjet\task-log - 
Copie\task-manager\.next\server\chunks\5544.js:25:26564)
    at s (C:\Users\DELL G15\Desktop\ReactProjet\task-log - 
Copie\task-manager\.next\server\chunks\5544.js:25:19545)
    at d (C:\Users\DELL G15\Desktop\ReactProjet\task-log - 
Copie\task-manager\.next\server\app\api\debug\my-data\route.js:1:1306)
    at C:\Users\DELL G15\Desktop\ReactProjet\task-log - Copie\task-manager\node_module
s\next\dist\compiled\next-server\app-route.runtime.prod.js:6:38417
    at C:\Users\DELL G15\Desktop\ReactProjet\task-log - 
Copie\task-manager\node_modules\next\dist\server\lib\trace\tracer.js:140:36
    at NoopContextManager.with (C:\Users\DELL G15\Desktop\ReactProjet\task-log - 
Copie\task-manager\node_modules\next\dist\compiled\@opentelemetry\api\index.js:1:7062)
    at ContextAPI.with (C:\Users\DELL G15\Desktop\ReactProjet\task-log - 
Copie\task-manager\node_modules\next\dist\compiled\@opentelemetry\api\index.js:1:518)
    at NoopTracer.startActiveSpan (C:\Users\DELL G15\Desktop\ReactProjet\task-log - Co
pie\task-manager\node_modules\next\dist\compiled\@opentelemetry\api\index.js:1:18093)
    at ProxyTracer.startActiveSpan (C:\Users\DELL G15\Desktop\ReactProjet\task-log - C
opie\task-manager\node_modules\next\dist\compiled\@opentelemetry\api\index.js:1:18854)
 {
  description: "Route /api/debug/my-data couldn't be rendered statically because it 
used `headers`. See more info here: 
https://nextjs.org/docs/messages/dynamic-server-error",
  digest: 'DYNAMIC_SERVER_USAGE'
}
[DEBUG CLIENTS] Starting debug...
[DEBUG CLIENTS] Testing database connection...
[DEBUG CLIENTS] Total clients in database: 0
[DEBUG CLIENTS] Fetching clients without relations...
[DEBUG CLIENTS] Simple fetch returned 0 clients
[DEBUG CLIENTS] Sample client: undefined
[DEBUG CLIENTS] Fetching clients with relations...
[DEBUG CLIENTS] With relations returned 0 clients
[API] Erreur r├®cup├®ration employ├®s: B [Error]: Dynamic server usage: Route 
/api/employees couldn't be rendered statically because it used 
`nextUrl.searchParams`. See more info here: 
https://nextjs.org/docs/messages/dynamic-server-error
    at V (C:\Users\DELL G15\Desktop\ReactProjet\task-log - Copie\task-manager\node_mod
ules\next\dist\compiled\next-server\app-route.runtime.prod.js:6:21778)
    at Object.get (C:\Users\DELL G15\Desktop\ReactProjet\task-log - Copie\task-manager
\node_modules\next\dist\compiled\next-server\app-route.runtime.prod.js:6:29137)
    at u (C:\Users\DELL G15\Desktop\ReactProjet\task-log - 
Copie\task-manager\.next\server\app\api\employees\route.js:1:590)
    at C:\Users\DELL G15\Desktop\ReactProjet\task-log - Copie\task-manager\node_module
s\next\dist\compiled\next-server\app-route.runtime.prod.js:6:38417
    at C:\Users\DELL G15\Desktop\ReactProjet\task-log - 
Copie\task-manager\node_modules\next\dist\server\lib\trace\tracer.js:140:36
    at NoopContextManager.with (C:\Users\DELL G15\Desktop\ReactProjet\task-log - 
Copie\task-manager\node_modules\next\dist\compiled\@opentelemetry\api\index.js:1:7062)
    at ContextAPI.with (C:\Users\DELL G15\Desktop\ReactProjet\task-log - 
Copie\task-manager\node_modules\next\dist\compiled\@opentelemetry\api\index.js:1:518)
    at NoopTracer.startActiveSpan (C:\Users\DELL G15\Desktop\ReactProjet\task-log - Co
pie\task-manager\node_modules\next\dist\compiled\@opentelemetry\api\index.js:1:18093)
    at ProxyTracer.startActiveSpan (C:\Users\DELL G15\Desktop\ReactProjet\task-log - C
opie\task-manager\node_modules\next\dist\compiled\@opentelemetry\api\index.js:1:18854)
    at C:\Users\DELL G15\Desktop\ReactProjet\task-log - 
Copie\task-manager\node_modules\next\dist\server\lib\trace\tracer.js:122:103 {
  description: "Route /api/employees couldn't be rendered statically because it used 
`nextUrl.searchParams`. See more info here: 
https://nextjs.org/docs/messages/dynamic-server-error",
  digest: 'DYNAMIC_SERVER_USAGE'
}
   Generating static pages (20/80) 
Error fetching my timesheets: n [Error]: Dynamic server usage: Route 
/api/timesheets/my-timesheets couldn't be rendered statically because it used 
`headers`. See more info here: https://nextjs.org/docs/messages/dynamic-server-error
    at l (C:\Users\DELL G15\Desktop\ReactProjet\task-log - 
Copie\task-manager\.next\server\chunks\8948.js:1:37220)
    at d (C:\Users\DELL G15\Desktop\ReactProjet\task-log - 
Copie\task-manager\.next\server\chunks\5544.js:25:26564)
    at s (C:\Users\DELL G15\Desktop\ReactProjet\task-log - 
Copie\task-manager\.next\server\chunks\5544.js:25:19545)
    at p (C:\Users\DELL G15\Desktop\ReactProjet\task-log - 
Copie\task-manager\.next\server\app\api\timesheets\my-timesheets\route.js:1:1306)
    at C:\Users\DELL G15\Desktop\ReactProjet\task-log - Copie\task-manager\node_module
s\next\dist\compiled\next-server\app-route.runtime.prod.js:6:38417
    at C:\Users\DELL G15\Desktop\ReactProjet\task-log - 
Copie\task-manager\node_modules\next\dist\server\lib\trace\tracer.js:140:36
    at NoopContextManager.with (C:\Users\DELL G15\Desktop\ReactProjet\task-log - 
Copie\task-manager\node_modules\next\dist\compiled\@opentelemetry\api\index.js:1:7062)
    at ContextAPI.with (C:\Users\DELL G15\Desktop\ReactProjet\task-log - 
Copie\task-manager\node_modules\next\dist\compiled\@opentelemetry\api\index.js:1:518)
    at NoopTracer.startActiveSpan (C:\Users\DELL G15\Desktop\ReactProjet\task-log - Co
pie\task-manager\node_modules\next\dist\compiled\@opentelemetry\api\index.js:1:18093)
    at ProxyTracer.startActiveSpan (C:\Users\DELL G15\Desktop\ReactProjet\task-log - C
opie\task-manager\node_modules\next\dist\compiled\@opentelemetry\api\index.js:1:18854)
 {
  description: "Route /api/timesheets/my-timesheets couldn't be rendered statically 
because it used `headers`. See more info here: 
https://nextjs.org/docs/messages/dynamic-server-error",
  digest: 'DYNAMIC_SERVER_USAGE'
}
Erreur r├®cup├®ration projets employ├®: n [Error]: Dynamic server usage: Route 
/api/projets/my-projects couldn't be rendered statically because it used `headers`. 
See more info here: https://nextjs.org/docs/messages/dynamic-server-error
    at l (C:\Users\DELL G15\Desktop\ReactProjet\task-log - 
Copie\task-manager\.next\server\chunks\8948.js:1:37220)
    at d (C:\Users\DELL G15\Desktop\ReactProjet\task-log - 
Copie\task-manager\.next\server\chunks\5544.js:25:26564)
    at s (C:\Users\DELL G15\Desktop\ReactProjet\task-log - 
Copie\task-manager\.next\server\chunks\5544.js:25:19545)
    at c (C:\Users\DELL G15\Desktop\ReactProjet\task-log - 
Copie\task-manager\.next\server\app\api\projets\my-projects\route.js:1:1305)
    at C:\Users\DELL G15\Desktop\ReactProjet\task-log - Copie\task-manager\node_module
s\next\dist\compiled\next-server\app-route.runtime.prod.js:6:38417
    at C:\Users\DELL G15\Desktop\ReactProjet\task-log - 
Copie\task-manager\node_modules\next\dist\server\lib\trace\tracer.js:140:36
    at NoopContextManager.with (C:\Users\DELL G15\Desktop\ReactProjet\task-log - 
Copie\task-manager\node_modules\next\dist\compiled\@opentelemetry\api\index.js:1:7062)
    at ContextAPI.with (C:\Users\DELL G15\Desktop\ReactProjet\task-log - 
Copie\task-manager\node_modules\next\dist\compiled\@opentelemetry\api\index.js:1:518)
    at NoopTracer.startActiveSpan (C:\Users\DELL G15\Desktop\ReactProjet\task-log - Co
pie\task-manager\node_modules\next\dist\compiled\@opentelemetry\api\index.js:1:18093)
    at ProxyTracer.startActiveSpan (C:\Users\DELL G15\Desktop\ReactProjet\task-log - C
opie\task-manager\node_modules\next\dist\compiled\@opentelemetry\api\index.js:1:18854)
 {
  description: "Route /api/projets/my-projects couldn't be rendered statically 
because it used `headers`. See more info here: 
https://nextjs.org/docs/messages/dynamic-server-error",
  digest: 'DYNAMIC_SERVER_USAGE'
}
Error fetching charges summary: B [Error]: Dynamic server usage: Route 
/api/charges/stats/summary couldn't be rendered statically because it used 
`nextUrl.searchParams`. See more info here: 
https://nextjs.org/docs/messages/dynamic-server-error
    at V (C:\Users\DELL G15\Desktop\ReactProjet\task-log - Copie\task-manager\node_mod
ules\next\dist\compiled\next-server\app-route.runtime.prod.js:6:21778)
    at Object.get (C:\Users\DELL G15\Desktop\ReactProjet\task-log - Copie\task-manager
\node_modules\next\dist\compiled\next-server\app-route.runtime.prod.js:6:29137)
    at m (C:\Users\DELL G15\Desktop\ReactProjet\task-log - 
Copie\task-manager\.next\server\app\api\charges\stats\summary\route.js:1:590)
    at C:\Users\DELL G15\Desktop\ReactProjet\task-log - Copie\task-manager\node_module
s\next\dist\compiled\next-server\app-route.runtime.prod.js:6:38417
    at C:\Users\DELL G15\Desktop\ReactProjet\task-log - 
Copie\task-manager\node_modules\next\dist\server\lib\trace\tracer.js:140:36
    at NoopContextManager.with (C:\Users\DELL G15\Desktop\ReactProjet\task-log - 
Copie\task-manager\node_modules\next\dist\compiled\@opentelemetry\api\index.js:1:7062)
    at ContextAPI.with (C:\Users\DELL G15\Desktop\ReactProjet\task-log - 
Copie\task-manager\node_modules\next\dist\compiled\@opentelemetry\api\index.js:1:518)
    at NoopTracer.startActiveSpan (C:\Users\DELL G15\Desktop\ReactProjet\task-log - Co
pie\task-manager\node_modules\next\dist\compiled\@opentelemetry\api\index.js:1:18093)
    at ProxyTracer.startActiveSpan (C:\Users\DELL G15\Desktop\ReactProjet\task-log - C
opie\task-manager\node_modules\next\dist\compiled\@opentelemetry\api\index.js:1:18854)
    at C:\Users\DELL G15\Desktop\ReactProjet\task-log - 
Copie\task-manager\node_modules\next\dist\server\lib\trace\tracer.js:122:103 {
  description: "Route /api/charges/stats/summary couldn't be rendered statically 
because it used `nextUrl.searchParams`. See more info here: 
https://nextjs.org/docs/messages/dynamic-server-error",
  digest: 'DYNAMIC_SERVER_USAGE'
}
Erreur r├®cup├®ration mes-taches: n [Error]: Dynamic server usage: Route 
/api/taches/mes-taches couldn't be rendered statically because it used `headers`. See 
more info here: https://nextjs.org/docs/messages/dynamic-server-error
    at l (C:\Users\DELL G15\Desktop\ReactProjet\task-log - 
Copie\task-manager\.next\server\chunks\8948.js:1:37220)
    at d (C:\Users\DELL G15\Desktop\ReactProjet\task-log - 
Copie\task-manager\.next\server\chunks\5544.js:25:26564)
    at s (C:\Users\DELL G15\Desktop\ReactProjet\task-log - 
Copie\task-manager\.next\server\chunks\5544.js:25:19545)
    at c (C:\Users\DELL G15\Desktop\ReactProjet\task-log - 
Copie\task-manager\.next\server\app\api\taches\mes-taches\route.js:1:1305)
    at C:\Users\DELL G15\Desktop\ReactProjet\task-log - Copie\task-manager\node_module
s\next\dist\compiled\next-server\app-route.runtime.prod.js:6:38417
    at C:\Users\DELL G15\Desktop\ReactProjet\task-log - 
Copie\task-manager\node_modules\next\dist\server\lib\trace\tracer.js:140:36
    at NoopContextManager.with (C:\Users\DELL G15\Desktop\ReactProjet\task-log - 
Copie\task-manager\node_modules\next\dist\compiled\@opentelemetry\api\index.js:1:7062)
    at ContextAPI.with (C:\Users\DELL G15\Desktop\ReactProjet\task-log - 
Copie\task-manager\node_modules\next\dist\compiled\@opentelemetry\api\index.js:1:518)
    at NoopTracer.startActiveSpan (C:\Users\DELL G15\Desktop\ReactProjet\task-log - Co
pie\task-manager\node_modules\next\dist\compiled\@opentelemetry\api\index.js:1:18093)
    at ProxyTracer.startActiveSpan (C:\Users\DELL G15\Desktop\ReactProjet\task-log - C
opie\task-manager\node_modules\next\dist\compiled\@opentelemetry\api\index.js:1:18854)
 {
  description: "Route /api/taches/mes-taches couldn't be rendered statically because 
it used `headers`. See more info here: 
https://nextjs.org/docs/messages/dynamic-server-error",
  digest: 'DYNAMIC_SERVER_USAGE'
}
   Generating static pages (40/80) 
   Generating static pages (60/80) 
 Ô£ô Generating static pages (80/80)
   Finalizing page optimization ...
   Collecting build traces ...

Route (app)                                        Size     First Load JS
Ôöî Ôùï /                                              148 B          87.7 kB
Ôö£ Ôùï /_not-found                                    880 B          88.5 kB
Ôö£ ãÆ /abonnements                                   7.84 kB         117 kB
Ôö£ Ôùï /accounting/charges                            11.2 kB         107 kB
Ôö£ Ôùï /accounting/charges/new                        4.6 kB          107 kB
Ôö£ Ôùï /admin/salary-settings                         2.08 kB        99.4 kB
Ôö£ Ôùï /agenda                                        148 B          87.7 kB
Ôö£ ãÆ /api/abonnements                               0 B                0 B
Ôö£ ãÆ /api/admin/test-smtp                           0 B                0 B
Ôö£ ãÆ /api/auth/[...nextauth]                        0 B                0 B
Ôö£ ãÆ /api/auth/forgot-password                      0 B                0 B
Ôö£ ãÆ /api/auth/inscription                          0 B                0 B
Ôö£ ãÆ /api/auth/reset-password                       0 B                0 B
Ôö£ ãÆ /api/billing/recurring                         0 B                0 B
Ôö£ ãÆ /api/charges                                   0 B                0 B
Ôö£ ãÆ /api/charges/[id]                              0 B                0 B
Ôö£ ãÆ /api/charges/stats/summary                     0 B                0 B
Ôö£ ãÆ /api/clients                                   0 B                0 B
Ôö£ ãÆ /api/clients/[clientId]                        0 B                0 B
Ôö£ ãÆ /api/clients/[clientId]/documents              0 B                0 B
Ôö£ ãÆ /api/cron/check-late-payments                  0 B                0 B
Ôö£ ãÆ /api/cron/check-late-tasks                     0 B                0 B
Ôö£ ãÆ /api/cron/generate-invoices                    0 B                0 B
Ôö£ ãÆ /api/cron/salary-notifications                 0 B                0 B
Ôö£ Ôùï /api/dashboard/metrics                         0 B                0 B
Ôö£ Ôùï /api/dashboard/projets-stats                   0 B                0 B
Ôö£ Ôùï /api/debug/clients                             0 B                0 B
Ôö£ ãÆ /api/debug/my-data                             0 B                0 B
Ôö£ ãÆ /api/debug/taches                              0 B                0 B
Ôö£ ãÆ /api/employees                                 0 B                0 B
Ôö£ ãÆ /api/employees/update-tariff                   0 B                0 B
Ôö£ ãÆ /api/enums/[type]                              0 B                0 B
Ôö£ ãÆ /api/equipes                                   0 B                0 B
Ôö£ ãÆ /api/equipes/[id]                              0 B                0 B
Ôö£ ãÆ /api/equipes/[id]/membres                      0 B                0 B
Ôö£ ãÆ /api/equipes/[id]/metrics                      0 B                0 B
Ôö£ ãÆ /api/equipes/members                           0 B                0 B
Ôö£ ãÆ /api/equipes/projects                          0 B                0 B
Ôö£ ãÆ /api/factures                                  0 B                0 B
Ôö£ ãÆ /api/factures/[id]                             0 B                0 B
Ôö£ ãÆ /api/factures/[id]/download                    0 B                0 B
Ôö£ ãÆ /api/factures/[id]/montant-restant             0 B                0 B
Ôö£ ãÆ /api/me                                        0 B                0 B
Ôö£ ãÆ /api/notifications                             0 B                0 B
Ôö£ ãÆ /api/paiements                                 0 B                0 B
Ôö£ ãÆ /api/paiements/check-late                      0 B                0 B
Ôö£ ãÆ /api/pro-formas                                0 B                0 B
Ôö£ ãÆ /api/pro-formas/[id]                           0 B                0 B
Ôö£ ãÆ /api/pro-formas/[id]/convert-to-invoice        0 B                0 B
Ôö£ ãÆ /api/projets                                   0 B                0 B
Ôö£ ãÆ /api/projets/[id]                              0 B                0 B
Ôö£ ãÆ /api/projets/[id]/factures                     0 B                0 B
Ôö£ ãÆ /api/projets/[id]/taches                       0 B                0 B
Ôö£ ãÆ /api/projets/[id]/taches/[tacheId]             0 B                0 B
Ôö£ ãÆ /api/projets/my-projects                       0 B                0 B
Ôö£ ãÆ /api/salary-forecasts                          0 B                0 B
Ôö£ ãÆ /api/salary-forecasts/send-notifications       0 B                0 B
Ôö£ ãÆ /api/salary-forecasts/statistics/[employeeId]  0 B                0 B
Ôö£ ãÆ /api/services                                  0 B                0 B
Ôö£ ãÆ /api/taches                                    0 B                0 B
Ôö£ ãÆ /api/taches/[id]                               0 B                0 B
Ôö£ ãÆ /api/taches/mes-taches                         0 B                0 B
Ôö£ ãÆ /api/timesheets                                0 B                0 B
Ôö£ ãÆ /api/timesheets/[id]                           0 B                0 B
Ôö£ ãÆ /api/timesheets/[id]/validate                  0 B                0 B
Ôö£ ãÆ /api/timesheets/my-timesheets                  0 B                0 B
Ôö£ ãÆ /api/uploads/[type]/[id]/[file]                0 B                0 B
Ôö£ Ôùï /api/utilisateurs                              0 B                0 B
Ôö£ Ôùï /api/utilisateurs/available                    0 B                0 B
Ôö£ Ôùï /clients                                       8.38 kB         118 kB
Ôö£ ãÆ /clients/[id]                                  17.2 kB         318 kB
Ôö£ ãÆ /clients/[id]/pro-formas                       1.7 kB          267 kB
Ôö£ Ôùï /connexion                                     2.19 kB         114 kB
Ôö£ ãÆ /dashboard                                     4.07 kB         183 kB
Ôö£ ãÆ /dashboard/employe                             8.03 kB         187 kB
Ôö£ ãÆ /dashboard/employe/calendrier                  2.54 kB        90.1 kB
Ôö£ ãÆ /dashboard/employe/historique                  2.56 kB         112 kB
Ôö£ ãÆ /dashboard/employe/mes-taches                  5.5 kB         93.1 kB
Ôö£ ãÆ /dashboard/employe/paiements                   2.78 kB         112 kB
Ôö£ ãÆ /dashboard/employe/parametres                  3.29 kB         113 kB
Ôö£ ãÆ /dashboard/employe/performance                 3.51 kB         161 kB
Ôö£ ãÆ /dashboard/employe/soumettre                   6.95 kB         113 kB
Ôö£ ãÆ /dashboard/manager/equipes                     3.63 kB         106 kB
Ôö£ ãÆ /dashboard/salary-forecasts                    2.13 kB         108 kB
Ôö£ Ôùï /debug                                         4.87 kB         111 kB
Ôö£ Ôùï /equipes                                       5.3 kB          116 kB
Ôö£ Ôùï /factures                                      9.39 kB         124 kB
Ôö£ ãÆ /factures/[id]                                 3.67 kB         103 kB
Ôö£ Ôùï /inscription                                   2.7 kB          105 kB
Ôö£ Ôùï /kanban                                        10.5 kB         117 kB
Ôö£ Ôùï /mes-equipes                                   6.45 kB         112 kB
Ôö£ Ôùï /mot-de-passe-oublie                           1.93 kB         104 kB
Ôö£ Ôùï /notifications                                 940 B          88.5 kB
Ôö£ Ôùï /paiements                                     10.1 kB         120 kB
Ôö£ ãÆ /paiements/[id]                                5.11 kB         111 kB
Ôö£ ãÆ /parametres                                    7.97 kB         114 kB
Ôö£ Ôùï /projets                                       12 kB           124 kB
Ôö£ ãÆ /projets/[id]                                  179 B          96.5 kB
Ôö£ Ôùï /reinitialiser-mot-de-passe                    2.58 kB         105 kB
Ôö£ Ôùï /taches                                        7.42 kB         113 kB
Ôö£ ãÆ /taches/[id]                                   3.94 kB         110 kB
Ôö£ Ôùï /timesheets                                    6.38 kB         109 kB
Ôö£ Ôùï /timesheets/monthly-report                     6.08 kB         112 kB
Ôö£ Ôùï /timesheets/my-timesheets                      4.14 kB         114 kB
Ôö£ Ôùï /timesheets/validation                         5.84 kB         112 kB
Ôöö Ôùï /utilisateurs                                  5.22 kB         111 kB
+ First Load JS shared by all                      87.6 kB
  Ôö£ chunks/2117-16bd5783eb5a56d9.js                31.9 kB
  Ôö£ chunks/fd9d1056-92447aee37f3e90d.js            53.6 kB
  Ôöö other shared chunks (total)                    2.07 kB

Route (pages)                                      Size     First Load JS
ÔöÇ Ôùï /timesheets/sample                             3.19 kB        84.8 kB
+ First Load JS shared by all                      81.7 kB
  Ôö£ chunks/framework-942107cd02567963.js           44.9 kB
  Ôö£ chunks/main-786b27940bcfd0cb.js                34.8 kB
  Ôöö other shared chunks (total)                    2.04 kB

Ôùï  (Static)   prerendered as static content
ãÆ  (Dynamic)  server-rendered on demand

