
ÔòöÔòÉÔòÉÔòÉÔòÉÔòÉÔòÉÔòÉÔòÉÔòÉÔòÉÔòÉÔòÉÔòÉÔòÉÔòÉÔòÉÔòÉÔòÉÔòÉÔòÉÔòÉÔòÉÔòÉÔòÉÔòÉÔòÉÔòÉÔòÉÔòÉÔòÉÔòÉÔòÉÔòÉÔòÉÔòÉÔòÉÔòÉÔòÉÔòÉÔòÉÔòÉÔòÉÔòÉÔòÉÔòÉÔòÉÔòÉÔòÉÔòÉÔòÉÔòÉÔòÉÔòÉÔòÉÔòÉÔòÉÔòÉÔòÉÔòÉÔòÉÔòÉÔòÉÔòÉÔòÉÔòÉÔòÉÔòÉÔòÉÔòù
Ôòæ        ­ƒÜÇ TEST AUTOMATIS├ë COMPLET DU SYST├êME KEKELI ­ƒÜÇ           Ôòæ
Ôòæ            09/12/2025 08:27:21
ÔòÜÔòÉÔòÉÔòÉÔòÉÔòÉÔòÉÔòÉÔòÉÔòÉÔòÉÔòÉÔòÉÔòÉÔòÉÔòÉÔòÉÔòÉÔòÉÔòÉÔòÉÔòÉÔòÉÔòÉÔòÉÔòÉÔòÉÔòÉÔòÉÔòÉÔòÉÔòÉÔòÉÔòÉÔòÉÔòÉÔòÉÔòÉÔòÉÔòÉÔòÉÔòÉÔòÉÔòÉÔòÉÔòÉÔòÉÔòÉÔòÉÔòÉÔòÉÔòÉÔòÉÔòÉÔòÉÔòÉÔòÉÔòÉÔòÉÔòÉÔòÉÔòÉÔòÉÔòÉÔòÉÔòÉÔòÉÔòÉÔòÉÔòØ

ÔÅ│ Attente du serveur...

Ô£à Serveur pr├¬t!


­ƒôî TEST 1: Utilisateurs
Ô£à Utilisateurs: 6 trouv├®s
  ­ƒæñ Manager: julietetebenissan@gmail.com
  ­ƒæñ Employ├®: grettaanagbla@gmail.com

­ƒôî TEST 2: ├ëquipes
Ô£à ├ëquipes: 1 trouv├®e(s)
  ­ƒÅó ├ëquipe Dev

­ƒôî TEST 3: Clients
Ô£à Clients: 2 trouv├®(s)
  ­ƒñØ Corporation Acme

­ƒôî TEST 4: Projets
Ô£à Projets: 1 trouv├®(s)
  ­ƒôè Projet Website Acme

­ƒôî TEST 5: T├óches
Ô£à T├óches: 3 trouv├®e(s)
  Ô£à 1. Impl├®menter la page d'accueil
  Ô£à 2. Corriger les bugs critiques

­ƒôî TEST 6: Factures
Ô£à Factures: 2 trouv├®e(s)

­ƒôî TEST 7: Services
Ô£à Services: 2 trouv├®(s)

­ƒôî TEST 8: Notifications
Ô£à Notifications: Endpoint authentifi├® (normal)

­ƒôî TEST 9: CRON Paiements
Ô£à CRON Paiements: V├®rificateur lanc├®

­ƒôî TEST 10: CRON T├óches
Ô£à CRON T├óches: V├®rificateur ex├®cut├®

­ƒôî TEST 11: Nouvelle t├óche
Ô£à Soumission t├óche: Endpoint authentifi├® (normal)

­ƒôî TEST 12: Mise ├á jour t├óche
Ô£à Mise ├á jour t├óche: Endpoint non accessible (404)

ÔòöÔòÉÔòÉÔòÉÔòÉÔòÉÔòÉÔòÉÔòÉÔòÉÔòÉÔòÉÔòÉÔòÉÔòÉÔòÉÔòÉÔòÉÔòÉÔòÉÔòÉÔòÉÔòÉÔòÉÔòÉÔòÉÔòÉÔòÉÔòÉÔòÉÔòÉÔòÉÔòÉÔòÉÔòÉÔòÉÔòÉÔòÉÔòÉÔòÉÔòÉÔòÉÔòÉÔòÉÔòÉÔòÉÔòÉÔòÉÔòÉÔòÉÔòÉÔòÉÔòÉÔòÉÔòÉÔòÉÔòÉÔòÉÔòÉÔòÉÔòÉÔòÉÔòÉÔòÉÔòÉÔòÉÔòÉÔòÉÔòÉÔòù
Ôòæ                  ­ƒôè R├ëSUM├ë FINAL DES TESTS ­ƒôè                    Ôòæ
ÔòÜÔòÉÔòÉÔòÉÔòÉÔòÉÔòÉÔòÉÔòÉÔòÉÔòÉÔòÉÔòÉÔòÉÔòÉÔòÉÔòÉÔòÉÔòÉÔòÉÔòÉÔòÉÔòÉÔòÉÔòÉÔòÉÔòÉÔòÉÔòÉÔòÉÔòÉÔòÉÔòÉÔòÉÔòÉÔòÉÔòÉÔòÉÔòÉÔòÉÔòÉÔòÉÔòÉÔòÉÔòÉÔòÉÔòÉÔòÉÔòÉÔòÉÔòÉÔòÉÔòÉÔòÉÔòÉÔòÉÔòÉÔòÉÔòÉÔòÉÔòÉÔòÉÔòÉÔòÉÔòÉÔòÉÔòÉÔòÉÔòÉÔòØ

Ô£à R├®ussis: 12
ÔØî ├ëchou├®s: 0
­ƒôê Taux: 100.0% (12/12)

ÔòöÔòÉÔòÉÔòÉÔòÉÔòÉÔòÉÔòÉÔòÉÔòÉÔòÉÔòÉÔòÉÔòÉÔòÉÔòÉÔòÉÔòÉÔòÉÔòÉÔòÉÔòÉÔòÉÔòÉÔòÉÔòÉÔòÉÔòÉÔòÉÔòÉÔòÉÔòÉÔòÉÔòÉÔòÉÔòÉÔòÉÔòÉÔòÉÔòÉÔòÉÔòÉÔòÉÔòÉÔòÉÔòÉÔòÉÔòÉÔòÉÔòÉÔòÉÔòÉÔòÉÔòÉÔòÉÔòÉÔòÉÔòÉÔòÉÔòÉÔòÉÔòÉÔòÉÔòÉÔòÉÔòÉÔòÉÔòÉÔòÉÔòù
Ôòæ              ­ƒôè R├ëSUM├ë DES DONN├ëES TEST├ëES ­ƒôè                     Ôòæ
ÔòÜÔòÉÔòÉÔòÉÔòÉÔòÉÔòÉÔòÉÔòÉÔòÉÔòÉÔòÉÔòÉÔòÉÔòÉÔòÉÔòÉÔòÉÔòÉÔòÉÔòÉÔòÉÔòÉÔòÉÔòÉÔòÉÔòÉÔòÉÔòÉÔòÉÔòÉÔòÉÔòÉÔòÉÔòÉÔòÉÔòÉÔòÉÔòÉÔòÉÔòÉÔòÉÔòÉÔòÉÔòÉÔòÉÔòÉÔòÉÔòÉÔòÉÔòÉÔòÉÔòÉÔòÉÔòÉÔòÉÔòÉÔòÉÔòÉÔòÉÔòÉÔòÉÔòÉÔòÉÔòÉÔòÉÔòÉÔòÉÔòÉÔòØ

­ƒæÑ Utilisateurs:
   ­ƒôî Manager: julietetebenissan@gmail.com
   ­ƒôî Employ├®: grettaanagbla@gmail.com

­ƒôª Ressources:
   Ô£ô ├ëquipe: undefined
   Ô£ô Client: Corporation Acme
   Ô£ô Projet: Projet Website Acme
   Ô£ô T├óches: 3
   Ô£ô Factures: 2
   Ô£ô Services: 2
   Ô£ô Notifications: 0

Ô£¿ Test automatis├® compl├®t├® avec succ├¿s!

